21:05:45 | INFO | Model  : minirocket
21:05:45 | INFO | Dataset: ts_1500
21:05:45 | INFO | Mode   : 4-class
21:05:45 | INFO | IS_TSC : True
21:05:45 | INFO |   n_jobs=16  (SLURM_CPUS_PER_TASK or default=4)
21:05:45 | INFO |   Loading train and val data into memory...
21:05:52 | INFO |   Dropping 637 flat train series
21:05:52 | INFO |   Dropping 40 flat val series
21:05:52 | INFO |   Train shape: (189363, 1500)  Val shape: (7960, 1500)
21:06:02 | INFO |   Residuals normalised; train 20000 -> 80000 (1 clean + 3 censored copies)
21:06:02 | INFO |   use_4channel=true — expanding to 4 EWS channels
21:06:50 | INFO |   ch_stats saved → minirocket_ts_1500_best_ch_stats.npz
21:07:01 | INFO |   Final train shape: (80000, 5, 1500)  Val shape: (7960, 5, 1500)
21:07:01 | INFO |   Fitting minirocket on 80000 series...
21:19:24 | INFO |   Val acc=0.7631  balanced_acc=0.7632  macro-F1=0.7615  time=12.1 min
21:19:24 | INFO21:19:24 | INFO |   Val acc=0.7631  balanced_acc=0.7632  macro-F1=0.7615  time=12.1 min
21:19:24 | INFO | 21:19:24 | INFO |                hopf: [201, 1620, 156, 23]
21:19:24 | INFO |       transcritical: [300, 123, 1340, 217]
21:19:24 | INFO |                null: [20, 10, 148, 1802]
21:19:24 | INFO |   Saved: minirocket_ts_1500_best.pkl
21:19:24 | INFO | Done — val_f1=0.7615
21:19:24 | INFO | Metrics saved: minirocket_ts_1500_train_metrics.json
| INFO | Done — val_f1=0.7615
21:19:24 | INFO | Metrics saved: minirocket_ts_1500_train_metrics.json
	Command being timed: "python -u training/train.py --model minirocket --dataset ts_1500 --force"
	User time (seconds): 10904.42
	System time (seconds): 31.80
	Percent of CPU this job got: 1330%
	Elapsed (wall clock) time (h:mm:ss or m:ss): 13:41.79
	Average shared text size (kbytes): 0
	Average unshared data size (kbytes): 0
	Average stack size (kbytes): 0
	Average total size (kbytes): 0
	Maximum resident set size (kbytes): 35516440
	Average resident set size (kbytes): 0
	Major (requiring I/O) page faults: 57
	Minor (reclaiming a frame) page faults: 1079079
	Voluntary context switches: 1706
	Involuntary context switches: 33941
	Swaps: 0
	File system inputs: 0
	File system outputs: 1280
	Socket messages sent: 0
	Socket messages received: 0
	Signals delivered: 0
	Page size (bytes): 4096
	Exit status: 0
