00:16:23 | INFO | Model  : rocket
00:16:23 | INFO | Dataset: ts_1500
00:16:23 | INFO | Mode   : 4-class
00:16:23 | INFO | IS_TSC : True
00:16:23 | INFO |   n_jobs=16  (SLURM_CPUS_PER_TASK or default=4)
00:16:23 | INFO |   Loading train and val data into memory...
00:16:30 | INFO |   Dropping 637 flat train series
00:16:30 | INFO |   Dropping 40 flat val series
00:16:30 | INFO |   Train shape: (189363, 1500)  Val shape: (7960, 1500)
00:16:35 | INFO |   Residuals normalised; train 10000 -> 40000 (1 clean + 3 censored copies)
00:16:35 | INFO |   use_4channel=true — expanding to 4 EWS channels
00:17:01 | INFO |   ch_stats saved → rocket_ts_1500_best_ch_stats.npz
00:17:07 | INFO |   Final train shape: (40000, 5, 1500)  Val shape: (7960, 5, 1500)
00:17:07 | INFO |   Fitting rocket on 40000 series...
01:58:26 | INFO |   Val acc=0.7575  balanced_acc=0.7577  macro-F1=0.7567  time=91.2 min
01:58:01:58:26 | INFO |   Val acc=0.7575  balanced_acc=0.7577  macro-F1=0.7567  time=91.2 min
01:58:26 | INFO |   Confusion matrix (rows=true, cols=pred):
01:58:26 | INFO |                fold: [1305, 75, 366, 254]
01:58:26 | INFO |                hopf: [219, 1575, 187, 19]
01:58:26 | INFO |       tr01:58:26 | INFO |   Saved: rocket_ts_1500_best.pkl
01:58:26 | INFO | Done — val_f1=0.7567
01:58:26 | INFO | Metrics saved: rocket_ts_1500_train_metrics.json
O | Done — val_f1=0.7567
01:58:26 | INFO | Metrics saved: rocket_ts_1500_train_metrics.json
	Command being timed: "python -u training/train.py --model rocket --dataset ts_1500 --force"
	User time (seconds): 96176.03
	System time (seconds): 36.49
	Percent of CPU this job got: 1570%
	Elapsed (wall clock) time (h:mm:ss or m:ss): 1:42:07
	Average shared text size (kbytes): 0
	Average unshared data size (kbytes): 0
	Average stack size (kbytes): 0
	Average total size (kbytes): 0
	Maximum resident set size (kbytes): 44616144
	Average resident set size (kbytes): 0
	Major (requiring I/O) page faults: 151
	Minor (reclaiming a frame) page faults: 1015637
	Voluntary context switches: 7023
	Involuntary context switches: 113966
	Swaps: 0
	File system inputs: 0
	File system outputs: 3424
	Socket messages sent: 0
	Socket messages received: 0
	Signals delivered: 0
	Page size (bytes): 4096
	Exit status: 0
